node.exe :  ΓÜá Lint
ing is disabled.
At C:\Users\fajar\Ap
pData\Roaming\npm\np
x.ps1:24 char:5
+     & "node$exe"  
"$basedir/node_modul
es/npm/bin/npx-cli.j
s" $args
+     ~~~~~~~~~~~~~~
~~~~~~~~~~~~~~~~~~~~
~~~~~~~~~~~~~~~~~~~~
~~~~~~~~
    + CategoryInfo  
            : NotS  
  pecified: ( ΓÜá   
  Linting is dis    
abled.:String)     [
], RemoteExcep    ti
on
    + FullyQualifie 
   dErrorId : Nati  
  veCommandError
 
   Γû▓ Next.js 15.5.3
   - Environments: .env.local

   Creating an optimized production build ...
Failed to compile.

./src/components/ui/
timeline.tsx
Module not found: Ca
n't resolve 'motion/
react'

https://nextjs.org/d
ocs/messages/module-
not-found

Import trace for req
uested module:
./src/app/education/
components/Organizat
ionCard.tsx
./src/app/education/
page.tsx


> Build failed becau
se of webpack errors
